Vercel CLI 50.14.1
WARN! Build not running on Vercel. System environment variables will not be available.
Detected `pnpm-lock.yaml` 9 which may be generated by pnpm@9.x or pnpm@10.x
Using pnpm@10.x based on project creation date
To use pnpm@9.x, manually opt in using corepack (https://vercel.com/docs/deployments/configure-a-build#corepack)
WARNING: You should not upload the `.next` directory.
Running "install" command: `npm install`...

up to date, audited 737 packages in 1s

168 packages are looking for funding
  run `npm fund` for details

10 vulnerabilities (8 low, 2 high)

To address issues that do not require attention, run:
  npm audit fix

To address all issues (including breaking changes), run:
  npm audit fix --force

Run `npm audit` for details.
Detected Next.js version: 16.0.10
Running "npm run build"

> my-v0-project@0.1.0 build
> next build

[baseline-browser-mapping] The data in this module is over two months old.  To ensure accurate Baseline data, please update: `npm i baseline-browser-mapping@latest -D`
   ▲ Next.js 16.0.10 (Turbopack)
   - Environments: .env.local

   Creating an optimized production build ...
[baseline-browser-mapping] The data in this module is over two months old.  To ensure accurate Baseline data, please update: `npm i baseline-browser-mapping@latest -D`
 ✓ Compiled successfully in 3.0s
   Skipping validation of types
   Collecting page data using 23 workers ...
[baseline-browser-mapping] The data in this module is over two months old.  To ensure accurate Baseline data, please update: `npm i baseline-browser-mapping@latest -D`
[baseline-browser-mapping] The data in this module is over two months old.  To ensure accurate Baseline data, please update: `npm i baseline-browser-mapping@latest -D`
[baseline-browser-mapping] The data in this module is over two months old.  To ensure accurate Baseline data, please update: `npm i baseline-browser-mapping@latest -D`
   Generating static pages using 23 workers (0/3) ...
[baseline-browser-mapping] The data in this module is over two months old.  To ensure accurate Baseline data, please update: `npm i baseline-browser-mapping@latest -D`
 ✓ Generating static pages using 23 workers (3/3) in 636.1ms
   Finalizing page optimization ...

Route (app)
┌ ○ /
└ ○ /_not-found


○  (Static)  prerendered as static content

Tracing initial Next.js server files due to missing build trace: 5.554s
Traced Next.js server files in: 6.084s
Tracing entries due to missing build traces:
[
  "C:/Users/brend/OneDrive/Documents/VSCode/New folder/BabyBlooming/.next/server/app/_global-error/page.js",
  "C:/Users/brend/OneDrive/Documents/VSCode/New folder/BabyBlooming/.next/server/app/_not-found/page.js"
]: 8.684ms
Created all serverless functions in: 113.694ms
Collected static files (public/, static/, .next/static): 2.085ms
Error: EPERM: operation not permitted, symlink '_global-error.rsc.func' -> 'C:\Users\brend\OneDrive\Documents\VSCode\New folder\BabyBlooming\.vercel\output\functions\_not-found.rsc.func'
